exports[`test render register 1`] = `
<div
  className="a b c d e f g h i j k l m n o p q r s t u v">
  <h2
    className="">
    Register
  </h2>
  <div
    className={undefined}>
    <div>
      <div
        className={undefined}>
        <input
          className=""
          onChange={[Function]}
          placeholder="Email"
          type="text"
          value="" />
      </div>
      
    </div>
  </div>
  <div
    className={undefined}>
    <div>
      <div
        className={undefined}>
        <input
          className=""
          onChange={[Function]}
          placeholder="Enter password"
          type="password"
          value="" />
      </div>
      
    </div>
  </div>
  <div
    className={undefined}>
    <div>
      <div
        className={undefined}>
        <input
          className=""
          onChange={[Function]}
          placeholder="Retype password"
          type="password"
          value="" />
      </div>
      
    </div>
  </div>
  <a
    className=""
    onClick={[Function]}
    style={
      Object {
        "marginBottom": "20px",
      }
    }>
    Register
  </a>
  <a
    className=""
    href="/signin"
    onClick={[Function]}>
    Signin
  </a>
</div>
`;
